Analysis & Synthesis report for traffic
Thu Dec 17 03:48:32 2020
Quartus II 64-Bit Version 15.0.0 Build 145 04/22/2015 SJ Full Version


---------------------
; Table of Contents ;
---------------------
  1. Legal Notice
  2. Analysis & Synthesis Summary
  3. Analysis & Synthesis Settings
  4. Parallel Compilation
  5. Analysis & Synthesis Source Files Read
  6. Analysis & Synthesis Resource Usage Summary
  7. Analysis & Synthesis Resource Utilization by Entity
  8. State Machine - |traffic_top|traffic_con:secondary_light|state
  9. State Machine - |traffic_top|traffic_con:primary_light|state
 10. User-Specified and Inferred Latches
 11. Registers Removed During Synthesis
 12. General Register Statistics
 13. Inverted Register Statistics
 14. Multiplexer Restructuring Statistics (Restructuring Performed)
 15. Parameter Settings for User Entity Instance: traffic_con:primary_light
 16. Parameter Settings for User Entity Instance: traffic_con:secondary_light
 17. Port Connectivity Checks: "traffic_con:secondary_light"
 18. Port Connectivity Checks: "traffic_con:primary_light"
 19. Post-Synthesis Netlist Statistics for Top Partition
 20. Elapsed Time Per Partition
 21. Analysis & Synthesis Messages
 22. Analysis & Synthesis Suppressed Messages



----------------
; Legal Notice ;
----------------
Copyright (C) 1991-2015 Altera Corporation. All rights reserved.
Your use of Altera Corporation's design tools, logic functions 
and other software and tools, and its AMPP partner logic 
functions, and any output files from any of the foregoing 
(including device programming or simulation files), and any 
associated documentation or information are expressly subject 
to the terms and conditions of the Altera Program License 
Subscription Agreement, the Altera Quartus II License Agreement,
the Altera MegaCore Function License Agreement, or other 
applicable license agreement, including, without limitation, 
that your use is for the sole purpose of programming logic 
devices manufactured by Altera and sold by Altera or its 
authorized distributors.  Please refer to the applicable 
agreement for further details.



+----------------------------------------------------------------------------------+
; Analysis & Synthesis Summary                                                     ;
+------------------------------------+---------------------------------------------+
; Analysis & Synthesis Status        ; Successful - Thu Dec 17 03:48:32 2020       ;
; Quartus II 64-Bit Version          ; 15.0.0 Build 145 04/22/2015 SJ Full Version ;
; Revision Name                      ; traffic                                     ;
; Top-level Entity Name              ; traffic_top                                 ;
; Family                             ; Cyclone IV E                                ;
; Total logic elements               ; 151                                         ;
;     Total combinational functions  ; 151                                         ;
;     Dedicated logic registers      ; 44                                          ;
; Total registers                    ; 44                                          ;
; Total pins                         ; 50                                          ;
; Total virtual pins                 ; 0                                           ;
; Total memory bits                  ; 0                                           ;
; Embedded Multiplier 9-bit elements ; 0                                           ;
; Total PLLs                         ; 0                                           ;
+------------------------------------+---------------------------------------------+


+----------------------------------------------------------------------------------------------------------------------+
; Analysis & Synthesis Settings                                                                                        ;
+----------------------------------------------------------------------------+--------------------+--------------------+
; Option                                                                     ; Setting            ; Default Value      ;
+----------------------------------------------------------------------------+--------------------+--------------------+
; Device                                                                     ; EP4CE6E22C8        ;                    ;
; Top-level entity name                                                      ; traffic_top        ; traffic            ;
; Family name                                                                ; Cyclone IV E       ; Cyclone V          ;
; Use smart compilation                                                      ; Off                ; Off                ;
; Enable parallel Assembler and TimeQuest Timing Analyzer during compilation ; On                 ; On                 ;
; Enable compact report table                                                ; Off                ; Off                ;
; Restructure Multiplexers                                                   ; Auto               ; Auto               ;
; Create Debugging Nodes for IP Cores                                        ; Off                ; Off                ;
; Preserve fewer node names                                                  ; On                 ; On                 ;
; Disable OpenCore Plus hardware evaluation                                  ; Off                ; Off                ;
; Verilog Version                                                            ; Verilog_2001       ; Verilog_2001       ;
; VHDL Version                                                               ; VHDL_1993          ; VHDL_1993          ;
; State Machine Processing                                                   ; Auto               ; Auto               ;
; Safe State Machine                                                         ; Off                ; Off                ;
; Extract Verilog State Machines                                             ; On                 ; On                 ;
; Extract VHDL State Machines                                                ; On                 ; On                 ;
; Ignore Verilog initial constructs                                          ; Off                ; Off                ;
; Iteration limit for constant Verilog loops                                 ; 5000               ; 5000               ;
; Iteration limit for non-constant Verilog loops                             ; 250                ; 250                ;
; Add Pass-Through Logic to Inferred RAMs                                    ; On                 ; On                 ;
; Infer RAMs from Raw Logic                                                  ; On                 ; On                 ;
; Parallel Synthesis                                                         ; On                 ; On                 ;
; DSP Block Balancing                                                        ; Auto               ; Auto               ;
; NOT Gate Push-Back                                                         ; On                 ; On                 ;
; Power-Up Don't Care                                                        ; On                 ; On                 ;
; Remove Redundant Logic Cells                                               ; Off                ; Off                ;
; Remove Duplicate Registers                                                 ; On                 ; On                 ;
; Ignore CARRY Buffers                                                       ; Off                ; Off                ;
; Ignore CASCADE Buffers                                                     ; Off                ; Off                ;
; Ignore GLOBAL Buffers                                                      ; Off                ; Off                ;
; Ignore ROW GLOBAL Buffers                                                  ; Off                ; Off                ;
; Ignore LCELL Buffers                                                       ; Off                ; Off                ;
; Ignore SOFT Buffers                                                        ; On                 ; On                 ;
; Limit AHDL Integers to 32 Bits                                             ; Off                ; Off                ;
; Optimization Technique                                                     ; Balanced           ; Balanced           ;
; Carry Chain Length                                                         ; 70                 ; 70                 ;
; Auto Carry Chains                                                          ; On                 ; On                 ;
; Auto Open-Drain Pins                                                       ; On                 ; On                 ;
; Perform WYSIWYG Primitive Resynthesis                                      ; Off                ; Off                ;
; Auto ROM Replacement                                                       ; On                 ; On                 ;
; Auto RAM Replacement                                                       ; On                 ; On                 ;
; Auto DSP Block Replacement                                                 ; On                 ; On                 ;
; Auto Shift Register Replacement                                            ; Auto               ; Auto               ;
; Allow Shift Register Merging across Hierarchies                            ; Auto               ; Auto               ;
; Auto Clock Enable Replacement                                              ; On                 ; On                 ;
; Strict RAM Replacement                                                     ; Off                ; Off                ;
; Allow Synchronous Control Signals                                          ; On                 ; On                 ;
; Force Use of Synchronous Clear Signals                                     ; Off                ; Off                ;
; Auto RAM Block Balancing                                                   ; On                 ; On                 ;
; Auto RAM to Logic Cell Conversion                                          ; Off                ; Off                ;
; Auto Resource Sharing                                                      ; Off                ; Off                ;
; Allow Any RAM Size For Recognition                                         ; Off                ; Off                ;
; Allow Any ROM Size For Recognition                                         ; Off                ; Off                ;
; Allow Any Shift Register Size For Recognition                              ; Off                ; Off                ;
; Use LogicLock Constraints during Resource Balancing                        ; On                 ; On                 ;
; Ignore translate_off and synthesis_off directives                          ; Off                ; Off                ;
; Timing-Driven Synthesis                                                    ; On                 ; On                 ;
; Report Parameter Settings                                                  ; On                 ; On                 ;
; Report Source Assignments                                                  ; On                 ; On                 ;
; Report Connectivity Checks                                                 ; On                 ; On                 ;
; Ignore Maximum Fan-Out Assignments                                         ; Off                ; Off                ;
; Synchronization Register Chain Length                                      ; 2                  ; 2                  ;
; PowerPlay Power Optimization During Synthesis                              ; Normal compilation ; Normal compilation ;
; HDL message level                                                          ; Level2             ; Level2             ;
; Suppress Register Optimization Related Messages                            ; Off                ; Off                ;
; Number of Removed Registers Reported in Synthesis Report                   ; 5000               ; 5000               ;
; Number of Swept Nodes Reported in Synthesis Report                         ; 5000               ; 5000               ;
; Number of Inverted Registers Reported in Synthesis Report                  ; 100                ; 100                ;
; Clock MUX Protection                                                       ; On                 ; On                 ;
; Auto Gated Clock Conversion                                                ; Off                ; Off                ;
; Block Design Naming                                                        ; Auto               ; Auto               ;
; SDC constraint protection                                                  ; Off                ; Off                ;
; Synthesis Effort                                                           ; Auto               ; Auto               ;
; Shift Register Replacement - Allow Asynchronous Clear Signal               ; On                 ; On                 ;
; Pre-Mapping Resynthesis Optimization                                       ; Off                ; Off                ;
; Analysis & Synthesis Message Level                                         ; Medium             ; Medium             ;
; Disable Register Merging Across Hierarchies                                ; Auto               ; Auto               ;
; Resource Aware Inference For Block RAM                                     ; On                 ; On                 ;
; Synthesis Seed                                                             ; 1                  ; 1                  ;
+----------------------------------------------------------------------------+--------------------+--------------------+


+------------------------------------------+
; Parallel Compilation                     ;
+----------------------------+-------------+
; Processors                 ; Number      ;
+----------------------------+-------------+
; Number detected on machine ; 4           ;
; Maximum allowed            ; 4           ;
;                            ;             ;
; Average used               ; 1.00        ;
; Maximum used               ; 2           ;
;                            ;             ;
; Usage by Processor         ; % Time Used ;
;     Processor 1            ; 100.0%      ;
;     Processor 2            ; < 0.1%      ;
;     Processors 3-4         ;   0.0%      ;
+----------------------------+-------------+


+-------------------------------------------------------------------------------------------------------------------------------------------+
; Analysis & Synthesis Source Files Read                                                                                                    ;
+----------------------------------+-----------------+------------------------+---------------------------------------------------+---------+
; File Name with User-Entered Path ; Used in Netlist ; File Type              ; File Name with Absolute Path                      ; Library ;
+----------------------------------+-----------------+------------------------+---------------------------------------------------+---------+
; traffic_con.v                    ; yes             ; User Verilog HDL File  ; E:/altera/15.0/Project/2020/traffic/traffic_con.v ;         ;
; traffic_top.v                    ; yes             ; User Verilog HDL File  ; E:/altera/15.0/Project/2020/traffic/traffic_top.v ;         ;
+----------------------------------+-----------------+------------------------+---------------------------------------------------+---------+


+---------------------------------------------------------+
; Analysis & Synthesis Resource Usage Summary             ;
+---------------------------------------------+-----------+
; Resource                                    ; Usage     ;
+---------------------------------------------+-----------+
; Estimated Total logic elements              ; 151       ;
;                                             ;           ;
; Total combinational functions               ; 151       ;
; Logic element usage by number of LUT inputs ;           ;
;     -- 4 input functions                    ; 27        ;
;     -- 3 input functions                    ; 76        ;
;     -- <=2 input functions                  ; 48        ;
;                                             ;           ;
; Logic elements by mode                      ;           ;
;     -- normal mode                          ; 103       ;
;     -- arithmetic mode                      ; 48        ;
;                                             ;           ;
; Total registers                             ; 44        ;
;     -- Dedicated logic registers            ; 44        ;
;     -- I/O registers                        ; 0         ;
;                                             ;           ;
; I/O pins                                    ; 50        ;
;                                             ;           ;
; Embedded Multiplier 9-bit elements          ; 0         ;
;                                             ;           ;
; Maximum fan-out node                        ; clk~input ;
; Maximum fan-out                             ; 44        ;
; Total fan-out                               ; 666       ;
; Average fan-out                             ; 2.26      ;
+---------------------------------------------+-----------+


+--------------------------------------------------------------------------------------------------------------------------------------------------------------------------------------------------------+
; Analysis & Synthesis Resource Utilization by Entity                                                                                                                                                    ;
+----------------------------------+-------------------+--------------+-------------+--------------+---------+-----------+------+--------------+------------------------------------------+--------------+
; Compilation Hierarchy Node       ; LC Combinationals ; LC Registers ; Memory Bits ; DSP Elements ; DSP 9x9 ; DSP 18x18 ; Pins ; Virtual Pins ; Full Hierarchy Name                      ; Library Name ;
+----------------------------------+-------------------+--------------+-------------+--------------+---------+-----------+------+--------------+------------------------------------------+--------------+
; |traffic_top                     ; 151 (34)          ; 44 (0)       ; 0           ; 0            ; 0       ; 0         ; 50   ; 0            ; |traffic_top                             ; work         ;
;    |traffic_con:primary_light|   ; 69 (69)           ; 23 (23)      ; 0           ; 0            ; 0       ; 0         ; 0    ; 0            ; |traffic_top|traffic_con:primary_light   ; work         ;
;    |traffic_con:secondary_light| ; 48 (48)           ; 21 (21)      ; 0           ; 0            ; 0       ; 0         ; 0    ; 0            ; |traffic_top|traffic_con:secondary_light ; work         ;
+----------------------------------+-------------------+--------------+-------------+--------------+---------+-----------+------+--------------+------------------------------------------+--------------+
Note: For table entries with two numbers listed, the numbers in parentheses indicate the number of resources of the given type used by the specific entity alone. The numbers listed outside of parentheses indicate the total resources of the given type used by the specific entity and all of its sub-entities in the hierarchy.


Encoding Type:  One-Hot
+----------------------------------------------------------------+
; State Machine - |traffic_top|traffic_con:secondary_light|state ;
+----------+----------+----------+----------+--------------------+
; Name     ; state.11 ; state.10 ; state.01 ; state.00           ;
+----------+----------+----------+----------+--------------------+
; state.00 ; 0        ; 0        ; 0        ; 0                  ;
; state.01 ; 0        ; 0        ; 1        ; 1                  ;
; state.10 ; 0        ; 1        ; 0        ; 1                  ;
; state.11 ; 1        ; 0        ; 0        ; 1                  ;
+----------+----------+----------+----------+--------------------+


Encoding Type:  One-Hot
+--------------------------------------------------------------+
; State Machine - |traffic_top|traffic_con:primary_light|state ;
+----------+----------+----------+----------+------------------+
; Name     ; state.11 ; state.10 ; state.01 ; state.00         ;
+----------+----------+----------+----------+------------------+
; state.00 ; 0        ; 0        ; 0        ; 0                ;
; state.01 ; 0        ; 0        ; 1        ; 1                ;
; state.10 ; 0        ; 1        ; 0        ; 1                ;
; state.11 ; 1        ; 0        ; 0        ; 1                ;
+----------+----------+----------+----------+------------------+


+---------------------------------------------------------------------------------------------------------------------+
; User-Specified and Inferred Latches                                                                                 ;
+-----------------------------------------------------+--------------------------------------+------------------------+
; Latch Name                                          ; Latch Enable Signal                  ; Free of Timing Hazards ;
+-----------------------------------------------------+--------------------------------------+------------------------+
; traffic_con:primary_light|ticks[0]                  ; traffic_con:primary_light|ticks[1]   ; yes                    ;
; traffic_con:primary_light|ticks[1]                  ; traffic_con:primary_light|ticks[1]   ; yes                    ;
; traffic_con:primary_light|ticks[2]                  ; traffic_con:primary_light|ticks[1]   ; yes                    ;
; traffic_con:primary_light|ticks[3]                  ; traffic_con:primary_light|ticks[1]   ; yes                    ;
; traffic_con:primary_light|ticks[4]                  ; traffic_con:primary_light|ticks[1]   ; yes                    ;
; traffic_con:primary_light|ticks[5]                  ; traffic_con:primary_light|ticks[1]   ; yes                    ;
; traffic_con:primary_light|ticks[6]                  ; traffic_con:primary_light|ticks[1]   ; yes                    ;
; traffic_con:primary_light|ticks[7]                  ; traffic_con:primary_light|ticks[1]   ; yes                    ;
; traffic_con:secondary_light|ticks[0]                ; traffic_con:secondary_light|ticks[1] ; yes                    ;
; traffic_con:secondary_light|ticks[1]                ; traffic_con:secondary_light|ticks[1] ; yes                    ;
; traffic_con:secondary_light|ticks[2]                ; traffic_con:secondary_light|ticks[1] ; yes                    ;
; traffic_con:secondary_light|ticks[3]                ; traffic_con:secondary_light|ticks[1] ; yes                    ;
; traffic_con:secondary_light|ticks[4]                ; traffic_con:secondary_light|ticks[1] ; yes                    ;
; traffic_con:secondary_light|ticks[5]                ; traffic_con:secondary_light|ticks[1] ; yes                    ;
; traffic_con:secondary_light|ticks[6]                ; traffic_con:secondary_light|ticks[1] ; yes                    ;
; traffic_con:secondary_light|ticks[7]                ; traffic_con:secondary_light|ticks[1] ; yes                    ;
; Number of user-specified and inferred latches = 16  ;                                      ;                        ;
+-----------------------------------------------------+--------------------------------------+------------------------+
Note: All latches listed above may not be present at the end of synthesis due to various synthesis optimizations.


+-----------------------------------------------------------------------------------------+
; Registers Removed During Synthesis                                                      ;
+----------------------------------------+------------------------------------------------+
; Register name                          ; Reason for Removal                             ;
+----------------------------------------+------------------------------------------------+
; traffic_con:secondary_light|cnt        ; Merged with traffic_con:primary_light|cnt      ;
; traffic_con:secondary_light|state.00   ; Lost fanout                                    ;
; traffic_con:secondary_light|state.01   ; Lost fanout                                    ;
; traffic_con:secondary_light|state.10   ; Lost fanout                                    ;
; traffic_con:primary_light|state.00     ; Lost fanout                                    ;
; traffic_con:primary_light|state.01     ; Lost fanout                                    ;
; traffic_con:primary_light|state.10     ; Lost fanout                                    ;
; traffic_con:secondary_light|state~2    ; Lost fanout                                    ;
; traffic_con:secondary_light|state~3    ; Lost fanout                                    ;
; traffic_con:primary_light|state~2      ; Lost fanout                                    ;
; traffic_con:primary_light|state~3      ; Lost fanout                                    ;
; traffic_con:secondary_light|state.11   ; Merged with traffic_con:primary_light|state.11 ;
; Total Number of Removed Registers = 12 ;                                                ;
+----------------------------------------+------------------------------------------------+


+------------------------------------------------------+
; General Register Statistics                          ;
+----------------------------------------------+-------+
; Statistic                                    ; Value ;
+----------------------------------------------+-------+
; Total registers                              ; 44    ;
; Number of registers using Synchronous Clear  ; 0     ;
; Number of registers using Synchronous Load   ; 30    ;
; Number of registers using Asynchronous Clear ; 0     ;
; Number of registers using Asynchronous Load  ; 0     ;
; Number of registers using Clock Enable       ; 24    ;
; Number of registers using Preset             ; 0     ;
+----------------------------------------------+-------+


+----------------------------------------------------+
; Inverted Register Statistics                       ;
+------------------------------------------+---------+
; Inverted Register                        ; Fan out ;
+------------------------------------------+---------+
; traffic_con:primary_light|ryg_light[2]   ; 2       ;
; traffic_con:secondary_light|ryg_light[2] ; 2       ;
; Total number of inverted registers = 2   ;         ;
+------------------------------------------+---------+


+---------------------------------------------------------------------------------------------------------------------------------------------------------------------+
; Multiplexer Restructuring Statistics (Restructuring Performed)                                                                                                      ;
+--------------------+-----------+---------------+----------------------+------------------------+------------+-------------------------------------------------------+
; Multiplexer Inputs ; Bus Width ; Baseline Area ; Area if Restructured ; Saving if Restructured ; Registered ; Example Multiplexer Output                            ;
+--------------------+-----------+---------------+----------------------+------------------------+------------+-------------------------------------------------------+
; 5:1                ; 8 bits    ; 24 LEs        ; 16 LEs               ; 8 LEs                  ; Yes        ; |traffic_top|traffic_con:primary_light|n[7]           ;
; 5:1                ; 8 bits    ; 24 LEs        ; 16 LEs               ; 8 LEs                  ; Yes        ; |traffic_top|traffic_con:secondary_light|n[3]         ;
; 7:1                ; 2 bits    ; 8 LEs         ; 8 LEs                ; 0 LEs                  ; Yes        ; |traffic_top|traffic_con:primary_light|ryg_light[0]   ;
; 7:1                ; 2 bits    ; 8 LEs         ; 8 LEs                ; 0 LEs                  ; Yes        ; |traffic_top|traffic_con:secondary_light|ryg_light[1] ;
; 6:1                ; 2 bits    ; 8 LEs         ; 2 LEs                ; 6 LEs                  ; Yes        ; |traffic_top|traffic_con:primary_light|s[1]           ;
; 6:1                ; 2 bits    ; 8 LEs         ; 4 LEs                ; 4 LEs                  ; Yes        ; |traffic_top|traffic_con:secondary_light|s[0]         ;
; 3:1                ; 2 bits    ; 4 LEs         ; 2 LEs                ; 2 LEs                  ; No         ; |traffic_top|traffic_con:secondary_light|state        ;
; 3:1                ; 8 bits    ; 16 LEs        ; 16 LEs               ; 0 LEs                  ; No         ; |traffic_top|traffic_con:primary_light|Mux10          ;
; 3:1                ; 8 bits    ; 16 LEs        ; 8 LEs                ; 8 LEs                  ; No         ; |traffic_top|traffic_con:secondary_light|Mux8         ;
+--------------------+-----------+---------------+----------------------+------------------------+------------+-------------------------------------------------------+


+------------------------------------------------------------------------+
; Parameter Settings for User Entity Instance: traffic_con:primary_light ;
+----------------+-------+-----------------------------------------------+
; Parameter Name ; Value ; Type                                          ;
+----------------+-------+-----------------------------------------------+
; on             ; 1     ; Unsigned Binary                               ;
; off            ; 0     ; Unsigned Binary                               ;
+----------------+-------+-----------------------------------------------+
Note: In order to hide this table in the UI and the text report file, please set the "Show Parameter Settings in Synthesis Report" option in "Analysis and Synthesis Settings -> More Settings" to "Off".


+--------------------------------------------------------------------------+
; Parameter Settings for User Entity Instance: traffic_con:secondary_light ;
+----------------+-------+-------------------------------------------------+
; Parameter Name ; Value ; Type                                            ;
+----------------+-------+-------------------------------------------------+
; on             ; 1     ; Unsigned Binary                                 ;
; off            ; 0     ; Unsigned Binary                                 ;
+----------------+-------+-------------------------------------------------+
Note: In order to hide this table in the UI and the text report file, please set the "Show Parameter Settings in Synthesis Report" option in "Analysis and Synthesis Settings -> More Settings" to "Off".


+---------------------------------------------------------+
; Port Connectivity Checks: "traffic_con:secondary_light" ;
+-----------+-------+----------+--------------------------+
; Port      ; Type  ; Severity ; Details                  ;
+-----------+-------+----------+--------------------------+
; prim_flag ; Input ; Info     ; Stuck at GND             ;
+-----------+-------+----------+--------------------------+


+-------------------------------------------------------+
; Port Connectivity Checks: "traffic_con:primary_light" ;
+-----------+-------+----------+------------------------+
; Port      ; Type  ; Severity ; Details                ;
+-----------+-------+----------+------------------------+
; prim_flag ; Input ; Info     ; Stuck at VCC           ;
+-----------+-------+----------+------------------------+


+-----------------------------------------------------+
; Post-Synthesis Netlist Statistics for Top Partition ;
+-----------------------+-----------------------------+
; Type                  ; Count                       ;
+-----------------------+-----------------------------+
; boundary_port         ; 50                          ;
; cycloneiii_ff         ; 44                          ;
;     ENA               ; 8                           ;
;     ENA SLD           ; 16                          ;
;     SLD               ; 14                          ;
;     plain             ; 6                           ;
; cycloneiii_lcell_comb ; 153                         ;
;     arith             ; 48                          ;
;         2 data inputs ; 27                          ;
;         3 data inputs ; 21                          ;
;     normal            ; 105                         ;
;         0 data inputs ; 1                           ;
;         1 data inputs ; 6                           ;
;         2 data inputs ; 16                          ;
;         3 data inputs ; 55                          ;
;         4 data inputs ; 27                          ;
;                       ;                             ;
; Max LUT depth         ; 4.70                        ;
; Average LUT depth     ; 2.74                        ;
+-----------------------+-----------------------------+


+-------------------------------+
; Elapsed Time Per Partition    ;
+----------------+--------------+
; Partition Name ; Elapsed Time ;
+----------------+--------------+
; Top            ; 00:00:00     ;
+----------------+--------------+


+-------------------------------+
; Analysis & Synthesis Messages ;
+-------------------------------+
Info: *******************************************************************
Info: Running Quartus II 64-Bit Analysis & Synthesis
    Info: Version 15.0.0 Build 145 04/22/2015 SJ Full Version
    Info: Processing started: Thu Dec 17 03:48:18 2020
Info: Command: quartus_map --read_settings_files=on --write_settings_files=off traffic -c traffic
Info (20030): Parallel compilation is enabled and will use 4 of the 4 processors detected
Info (12021): Found 1 design units, including 1 entities, in source file traffic_con.v
    Info (12023): Found entity 1: traffic_con
Info (12021): Found 1 design units, including 1 entities, in source file traffic_top.v
    Info (12023): Found entity 1: traffic_top
Info (12127): Elaborating entity "traffic_top" for the top level hierarchy
Info (12128): Elaborating entity "traffic_con" for hierarchy "traffic_con:primary_light"
Warning (10235): Verilog HDL Always Construct warning at traffic_con.v(30): variable "green_time" is read inside the Always Construct but isn't in the Always Construct's Event Control
Warning (10235): Verilog HDL Always Construct warning at traffic_con.v(32): variable "yellow_time" is read inside the Always Construct but isn't in the Always Construct's Event Control
Warning (10235): Verilog HDL Always Construct warning at traffic_con.v(34): variable "red_time" is read inside the Always Construct but isn't in the Always Construct's Event Control
Warning (10270): Verilog HDL Case Statement warning at traffic_con.v(28): incomplete case statement has no default case item
Warning (10240): Verilog HDL Always Construct warning at traffic_con.v(25): inferring latch(es) for variable "ticks", which holds its previous value in one or more paths through the always construct
Warning (10230): Verilog HDL assignment warning at traffic_con.v(83): truncated value with size 32 to match size of target (2)
Warning (10230): Verilog HDL assignment warning at traffic_con.v(87): truncated value with size 32 to match size of target (8)
Warning (10230): Verilog HDL assignment warning at traffic_con.v(90): truncated value with size 32 to match size of target (8)
Info (10041): Inferred latch for "ticks[0]" at traffic_con.v(27)
Info (10041): Inferred latch for "ticks[1]" at traffic_con.v(27)
Info (10041): Inferred latch for "ticks[2]" at traffic_con.v(27)
Info (10041): Inferred latch for "ticks[3]" at traffic_con.v(27)
Info (10041): Inferred latch for "ticks[4]" at traffic_con.v(27)
Info (10041): Inferred latch for "ticks[5]" at traffic_con.v(27)
Info (10041): Inferred latch for "ticks[6]" at traffic_con.v(27)
Info (10041): Inferred latch for "ticks[7]" at traffic_con.v(27)
Warning (13012): Latch traffic_con:primary_light|ticks[0] has unsafe behavior
    Warning (13013): Ports D and ENA on the latch are fed by the same signal traffic_con:primary_light|s[1]
Warning (13012): Latch traffic_con:primary_light|ticks[1] has unsafe behavior
    Warning (13013): Ports D and ENA on the latch are fed by the same signal traffic_con:primary_light|s[1]
Warning (13012): Latch traffic_con:primary_light|ticks[2] has unsafe behavior
    Warning (13013): Ports D and ENA on the latch are fed by the same signal traffic_con:primary_light|s[1]
Warning (13012): Latch traffic_con:primary_light|ticks[3] has unsafe behavior
    Warning (13013): Ports D and ENA on the latch are fed by the same signal traffic_con:primary_light|s[1]
Warning (13012): Latch traffic_con:primary_light|ticks[4] has unsafe behavior
    Warning (13013): Ports D and ENA on the latch are fed by the same signal traffic_con:primary_light|s[1]
Warning (13012): Latch traffic_con:primary_light|ticks[5] has unsafe behavior
    Warning (13013): Ports D and ENA on the latch are fed by the same signal traffic_con:primary_light|s[1]
Warning (13012): Latch traffic_con:primary_light|ticks[6] has unsafe behavior
    Warning (13013): Ports D and ENA on the latch are fed by the same signal traffic_con:primary_light|s[1]
Warning (13012): Latch traffic_con:primary_light|ticks[7] has unsafe behavior
    Warning (13013): Ports D and ENA on the latch are fed by the same signal traffic_con:primary_light|s[1]
Warning (13012): Latch traffic_con:secondary_light|ticks[0] has unsafe behavior
    Warning (13013): Ports D and ENA on the latch are fed by the same signal traffic_con:secondary_light|s[0]
Warning (13012): Latch traffic_con:secondary_light|ticks[1] has unsafe behavior
    Warning (13013): Ports D and ENA on the latch are fed by the same signal traffic_con:secondary_light|s[0]
Warning (13012): Latch traffic_con:secondary_light|ticks[2] has unsafe behavior
    Warning (13013): Ports D and ENA on the latch are fed by the same signal traffic_con:secondary_light|s[0]
Warning (13012): Latch traffic_con:secondary_light|ticks[3] has unsafe behavior
    Warning (13013): Ports D and ENA on the latch are fed by the same signal traffic_con:secondary_light|s[0]
Warning (13012): Latch traffic_con:secondary_light|ticks[4] has unsafe behavior
    Warning (13013): Ports D and ENA on the latch are fed by the same signal traffic_con:secondary_light|s[0]
Warning (13012): Latch traffic_con:secondary_light|ticks[5] has unsafe behavior
    Warning (13013): Ports D and ENA on the latch are fed by the same signal traffic_con:secondary_light|s[0]
Warning (13012): Latch traffic_con:secondary_light|ticks[6] has unsafe behavior
    Warning (13013): Ports D and ENA on the latch are fed by the same signal traffic_con:secondary_light|s[0]
Warning (13012): Latch traffic_con:secondary_light|ticks[7] has unsafe behavior
    Warning (13013): Ports D and ENA on the latch are fed by the same signal traffic_con:secondary_light|s[0]
Info (286030): Timing-Driven Synthesis is running
Info (17049): 10 registers lost all their fanouts during netlist optimizations.
Info (144001): Generated suppressed messages file E:/altera/15.0/Project/2020/traffic/output_files/traffic.map.smsg
Info (16010): Generating hard_block partition "hard_block:auto_generated_inst"
    Info (16011): Adding 0 node(s), including 0 DDIO, 0 PLL, 0 transceiver and 0 LCELL
Info (21057): Implemented 202 device resources after synthesis - the final resource count might be different
    Info (21058): Implemented 28 input pins
    Info (21059): Implemented 22 output pins
    Info (21061): Implemented 152 logic cells
Info: Quartus II 64-Bit Analysis & Synthesis was successful. 0 errors, 40 warnings
    Info: Peak virtual memory: 4830 megabytes
    Info: Processing ended: Thu Dec 17 03:48:32 2020
    Info: Elapsed time: 00:00:14
    Info: Total CPU time (on all processors): 00:00:24


+------------------------------------------+
; Analysis & Synthesis Suppressed Messages ;
+------------------------------------------+
The suppressed messages can be found in E:/altera/15.0/Project/2020/traffic/output_files/traffic.map.smsg.


